ASxxxx Linker V03.00 + NoICE + sdld,  page 1.
Hexadecimal  [32-Bits]

Area                                    Addr        Size        Decimal Bytes (Attributes)
--------------------------------        ----        ----        ------- ----- ------------
.  .ABS.                            00000000    00000000 =           0. bytes (ABS,CON)

      Value  Global                              Global Defined In Module
      -----  --------------------------------   ------------------------
     FFFFFFFF  s_SSEG                          
     00000000  .__.ABS.                           stm8l15x_clk
     00000000  l_CABS                          
     00000000  l_DABS                          
     00000000  l_INITIALIZED                   
     00000000  l_INITIALIZER                   
     00000000  l__CODE                         
     00000000  s_CABS                          
     00000000  s_DABS                          
     00000000  s__CODE                         
     00000001  l_SSEG                          
     00000001  s_DATA                          
     00000003  l_GSFINAL                       
     0000001A  l_GSINIT                        
     00000032  l_DATA                          
     00000033  s_INITIALIZED                   
     00000073  l_HOME                          
     00000276  l_CONST                         
     000019D2  l_CODE                          
     00008000  s_HOME                          
     00008073  s_GSINIT                        
     0000808D  s_GSFINAL                       
     00008090  s_CONST                         
     00008306  s_CODE                          
     00008306  s_INITIALIZER                   

ASxxxx Linker V03.00 + NoICE + sdld,  page 2.
Hexadecimal  [32-Bits]

Area                                    Addr        Size        Decimal Bytes (Attributes)
--------------------------------        ----        ----        ------- ----- ------------
DATA                                00000001    00000032 =          50. bytes (REL,CON)

      Value  Global                              Global Defined In Module
      -----  --------------------------------   ------------------------
     00000001  G$SysTick$0_0$0                    main
     00000001  _SysTick                           main
     00000005  Fi2c$I2cTout$0_0$0                 i2c
     00000007  Fapplication$Rssi$0_0$0            application
     00000008  Fapplication$AckCount$0_0$0        application
     00000009  Fapplication$AckTimer$0_0$0        application
     0000000A  Fapplication$Temperature$0_0$0     application
     0000000C  Fapplication$Voltage$0_0$0         application
     0000000E  Fapplication$Humidity$0_0$0        application
     00000010  Fapplication$Illuminance$0_0$0     application
     00000012  Fapplication$State$0_0$0           application
     00000013  Fapplication$Data$0_0$0            application
ASxxxx Linker V03.00 + NoICE + sdld,  page 3.
Hexadecimal  [32-Bits]

Area                                    Addr        Size        Decimal Bytes (Attributes)
--------------------------------        ----        ----        ------- ----- ------------
SSEG                                FFFFFFFF    00000001 =           1. bytes (REL,CON)

      Value  Global                              Global Defined In Module
      -----  --------------------------------   ------------------------
ASxxxx Linker V03.00 + NoICE + sdld,  page 4.
Hexadecimal  [32-Bits]

Area                                    Addr        Size        Decimal Bytes (Attributes)
--------------------------------        ----        ----        ------- ----- ------------
HOME                                00008000    00000073 =         115. bytes (REL,CON)

      Value  Global                              Global Defined In Module
      -----  --------------------------------   ------------------------
     00008000  A$mainmain$81                      main
     00008004  A$mainmain$82                      main
     00008008  A$mainmain$83                      main
     0000800C  A$mainmain$84                      main
     00008010  A$mainmain$85                      main
     00008014  A$mainmain$86                      main
     00008018  A$mainmain$87                      main
     0000801C  A$mainmain$88                      main
     00008020  A$mainmain$89                      main
     00008024  A$mainmain$90                      main
     00008028  A$mainmain$91                      main
     0000802C  A$mainmain$92                      main
     00008030  A$mainmain$93                      main
     00008034  A$mainmain$94                      main
     00008038  A$mainmain$95                      main
     0000803C  A$mainmain$96                      main
     00008040  A$mainmain$97                      main
     00008044  A$mainmain$98                      main
     00008048  A$mainmain$99                      main
     0000804C  A$mainmain$100                     main
     00008050  A$mainmain$101                     main
     00008054  A$mainmain$102                     main
     00008058  A$mainmain$103                     main
     0000805C  A$mainmain$104                     main
     00008060  A$mainmain$105                     main
     00008064  A$mainmain$106                     main
     00008068  A$mainmain$107                     main
     0000806C  A$mainmain$108                     main
     00008070  A$mainmain$143                     main

ASxxxx Linker V03.00 + NoICE + sdld,  page 5.
Hexadecimal  [32-Bits]

Area                                    Addr        Size        Decimal Bytes (Attributes)
--------------------------------        ----        ----        ------- ----- ------------
GSINIT                              00008073    0000001A =          26. bytes (REL,CON)

      Value  Global                              Global Defined In Module
      -----  --------------------------------   ------------------------
     00008073  A$mainmain$119                     main
     00008076  A$mainmain$120                     main
     00008078  A$mainmain$122                     main
     0000807C  A$mainmain$123                     main
     0000807D  A$mainmain$124                     main
     0000807F  A$mainmain$126                     main
     00008082  A$mainmain$127                     main
     00008084  A$mainmain$129                     main
     00008087  A$mainmain$130                     main
     0000808A  A$mainmain$131                     main
     0000808B  A$mainmain$132                     main

ASxxxx Linker V03.00 + NoICE + sdld,  page 6.
Hexadecimal  [32-Bits]

Area                                    Addr        Size        Decimal Bytes (Attributes)
--------------------------------        ----        ----        ------- ----- ------------
GSFINAL                             0000808D    00000003 =           3. bytes (REL,CON)

      Value  Global                              Global Defined In Module
      -----  --------------------------------   ------------------------
     0000808D  A$mainmain$136                     main

ASxxxx Linker V03.00 + NoICE + sdld,  page 7.
Hexadecimal  [32-Bits]

Area                                    Addr        Size        Decimal Bytes (Attributes)
--------------------------------        ----        ----        ------- ----- ------------
CONST                               00008090    00000276 =         630. bytes (REL,CON)

      Value  Global                              Global Defined In Module
      -----  --------------------------------   ------------------------
     00008090  Fnvdata$__str_0$0_0$0              nvdata
     0000809E  Fsi4432$RxMask$0_0$0               si4432
     000080A2  Fsi4432$RxHeader$0_0$0             si4432
     000080A6  Fsi4432$SyncWord$0_0$0             si4432
     000080AA  Fsi4432$FreqData$0_0$0             si4432
     00008179  Fsi4432$RateData$0_0$0             si4432
     00008251  Fsi4432$__str_0$0_0$0              si4432
     0000826E  Fapplication$__str_0$0_0$0         application
     00008301  G$SYSDivFactor$0_0$0               stm8l15x_clk
     00008301  _SYSDivFactor                      stm8l15x_clk

ASxxxx Linker V03.00 + NoICE + sdld,  page 8.
Hexadecimal  [32-Bits]

Area                                    Addr        Size        Decimal Bytes (Attributes)
--------------------------------        ----        ----        ------- ----- ------------
CODE                                00008306    000019D2 =        6610. bytes (REL,CON)

      Value  Global                              Global Defined In Module
      -----  --------------------------------   ------------------------
     00008306  A$mainmain$158                     main
     00008306  C$main.c$17$0_0$680                main
     00008306  C$main.c$19$1_0$680                main
     00008306  G$main$0$0                         main
     00008306  _main                              main
     00008309  A$mainmain$161                     main
     00008309  C$main.c$20$1_0$680                main
     0000830C  A$mainmain$164                     main
     0000830C  C$main.c$21$1_0$680                main
     0000830F  A$mainmain$167                     main
     0000830F  C$main.c$22$1_0$680                main
     00008312  A$mainmain$170                     main
     00008312  C$main.c$23$1_0$680                main
     00008315  A$mainmain$173                     main
     00008315  C$main.c$25$1_0$680                main
     00008318  A$mainmain$179                     main
     00008318  C$main.c$26$1_0$680                main
     00008318  C$main.c$28$2_0$681                main
     0000831B  A$mainmain$180                     main
     0000831D  A$mainmain$185                     main
     0000831D  C$main.c$30$1_0$680                main
     0000831D  XG$main$0$0                        main
     0000831E  A$mainmain$196                     main
     0000831E  C$main.c$32$1_0$683                main
     0000831E  C$main.c$34$1_0$683                main
     0000831E  G$getchar$0$0                      main
     0000831E  _getchar                           main
     00008320  A$mainmain$197                     main
     00008322  A$mainmain$198                     main
     00008324  A$mainmain$199                     main
     00008326  A$mainmain$200                     main
     00008329  A$mainmain$201                     main
     0000832B  A$mainmain$202                     main
     0000832C  A$mainmain$203                     main
     0000832E  A$mainmain$206                     main
     0000832E  C$main.c$38$1_0$683                main
     00008330  A$mainmain$207                     main
     00008332  A$mainmain$208                     main
     00008335  A$mainmain$209                     main
     00008336  A$mainmain$210                     main
     00008337  A$mainmain$211                     main
     00008338  A$mainmain$216                     main
     00008338  C$main.c$39$1_0$683                main
     00008338  XG$getchar$0$0                     main
     00008339  A$mainmain$226                     main
     00008339  C$main.c$41$1_0$686                main
     00008339  C$main.c$43$1_0$686                main
     00008339  G$putchar$0$0                      main
     00008339  _putchar                           main
     0000833B  A$mainmain$227                     main
ASxxxx Linker V03.00 + NoICE + sdld,  page 9.
Hexadecimal  [32-Bits]

Area                                    Addr        Size        Decimal Bytes (Attributes)
--------------------------------        ----        ----        ------- ----- ------------
CODE                                00008306    000019D2 =        6610. bytes (REL,CON)

      Value  Global                              Global Defined In Module
      -----  --------------------------------   ------------------------
     0000833C  A$mainmain$228                     main
     0000833E  A$mainmain$229                     main
     00008340  A$mainmain$230                     main
     00008343  A$mainmain$231                     main
     00008345  A$mainmain$235                     main
     00008345  C$main.c$45$1_0$686                main
     00008347  A$mainmain$236                     main
     00008349  A$mainmain$237                     main
     0000834B  A$mainmain$238                     main
     0000834D  A$mainmain$239                     main
     00008350  A$mainmain$240                     main
     00008352  A$mainmain$241                     main
     00008353  A$mainmain$242                     main
     00008355  A$mainmain$246                     main
     00008355  C$main.c$48$1_0$686                main
     00008357  A$mainmain$247                     main
     00008359  A$mainmain$248                     main
     0000835B  A$mainmain$249                     main
     0000835D  A$mainmain$250                     main
     00008360  A$mainmain$251                     main
     00008362  A$mainmain$252                     main
     00008363  A$mainmain$253                     main
     00008365  A$mainmain$256                     main
     00008365  C$main.c$51$1_0$686                main
     00008366  A$mainmain$261                     main
     00008366  C$main.c$52$1_0$686                main
     00008366  XG$putchar$0$0                     main
     00008367  A$mainmain$269                     main
     00008367  C$main.c$54$1_0$690                main
     00008367  G$HAL_MsDelay$0$0                  main
     00008367  _HAL_MsDelay                       main
     00008369  A$mainmain$272                     main
     00008369  C$main.c$56$1_0$690                main
     0000836B  A$mainmain$273                     main
     0000836C  A$mainmain$274                     main
     0000836E  A$mainmain$275                     main
     00008372  A$mainmain$276                     main
     00008375  A$mainmain$277                     main
     00008377  A$mainmain$278                     main
     00008379  A$mainmain$279                     main
     0000837C  A$mainmain$280                     main
     0000837E  A$mainmain$281                     main
     00008380  A$mainmain$285                     main
     00008380  C$main.c$57$1_0$690                main
     00008382  A$mainmain$286                     main
     00008385  A$mainmain$287                     main
     00008387  A$mainmain$288                     main
     0000838B  A$mainmain$289                     main
     0000838D  A$mainmain$293                     main
     0000838D  C$main.c$59$2_0$691                main
     0000838E  A$mainmain$294                     main
ASxxxx Linker V03.00 + NoICE + sdld,  page 10.
Hexadecimal  [32-Bits]

Area                                    Addr        Size        Decimal Bytes (Attributes)
--------------------------------        ----        ----        ------- ----- ------------
CODE                                00008306    000019D2 =        6610. bytes (REL,CON)

      Value  Global                              Global Defined In Module
      -----  --------------------------------   ------------------------
     00008390  A$mainmain$298                     main
     00008392  A$mainmain$301                     main
     00008392  C$main.c$61$1_0$690                main
     00008392  XG$HAL_MsDelay$0$0                 main
     00008393  A$mainmain$309                     main
     00008393  C$main.c$63$1_0$693                main
     00008393  G$RTC_CSSLSE_IRQHandler$0$0        main
     00008393  _RTC_CSSLSE_IRQHandler             main
     00008394  A$mainmain$312                     main
     00008394  C$main.c$65$1_0$693                main
     00008397  A$mainmain$315                     main
     00008397  C$main.c$66$1_0$693                main
     00008399  A$mainmain$316                     main
     0000839B  A$mainmain$317                     main
     0000839E  A$mainmain$318                     main
     0000839F  A$mainmain$323                     main
     0000839F  C$main.c$67$1_0$693                main
     0000839F  XG$RTC_CSSLSE_IRQHandler$0$0       main
     000083A0  A$mainmain$331                     main
     000083A0  C$main.c$69$1_0$695                main
     000083A0  G$EXTI0_IRQHandler$0$0             main
     000083A0  _EXTI0_IRQHandler                  main
     000083A1  A$mainmain$334                     main
     000083A1  C$main.c$71$1_0$695                main
     000083A4  A$mainmain$337                     main
     000083A4  C$main.c$72$1_0$695                main
     000083A6  A$mainmain$338                     main
     000083A8  A$mainmain$339                     main
     000083AB  A$mainmain$340                     main
     000083AC  A$mainmain$345                     main
     000083AC  C$main.c$73$1_0$695                main
     000083AC  XG$EXTI0_IRQHandler$0$0            main
     000083AD  A$mainmain$353                     main
     000083AD  C$main.c$75$1_0$697                main
     000083AD  G$TIM4_UPD_OVF_TRG_IRQHandler$0$   main
     000083AD  _TIM4_UPD_OVF_TRG_IRQHandler       main
     000083AE  A$mainmain$356                     main
     000083AE  C$main.c$77$1_0$697                main
     000083B1  A$mainmain$357                     main
     000083B5  A$mainmain$358                     main
     000083B6  A$mainmain$359                     main
     000083B8  A$mainmain$360                     main
     000083BA  A$mainmain$362                     main
     000083BD  A$mainmain$363                     main
     000083C1  A$mainmain$366                     main
     000083C1  C$main.c$78$1_0$697                main
     000083C4  A$mainmain$369                     main
     000083C4  C$main.c$79$1_0$697                main
     000083C7  A$mainmain$372                     main
     000083C7  C$main.c$80$1_0$697                main
     000083C9  A$mainmain$373                     main
ASxxxx Linker V03.00 + NoICE + sdld,  page 11.
Hexadecimal  [32-Bits]

Area                                    Addr        Size        Decimal Bytes (Attributes)
--------------------------------        ----        ----        ------- ----- ------------
CODE                                00008306    000019D2 =        6610. bytes (REL,CON)

      Value  Global                              Global Defined In Module
      -----  --------------------------------   ------------------------
     000083CC  A$mainmain$374                     main
     000083CD  A$mainmain$379                     main
     000083CD  C$main.c$81$1_0$697                main
     000083CD  XG$TIM4_UPD_OVF_TRG_IRQHandler$0   main
     000083CE  A$mainmain$389                     main
     000083CE  C$main.c$83$1_0$699                main
     000083CE  C$main.c$85$1_0$699                main
     000083CE  Fmain$CLK_Config$0$0               main
     000083D0  A$mainmain$390                     main
     000083D3  A$mainmain$391                     main
     000083D4  A$mainmain$396                     main
     000083D4  C$main.c$86$1_0$699                main
     000083D4  XFmain$CLK_Config$0$0              main
     000083D5  A$mainmain$406                     main
     000083D5  C$main.c$88$1_0$701                main
     000083D5  C$main.c$90$1_0$701                main
     000083D5  Fmain$RTC_Config$0$0               main
     000083D7  A$mainmain$407                     main
     000083D9  A$mainmain$408                     main
     000083DC  A$mainmain$409                     main
     000083DD  A$mainmain$413                     main
     000083DD  C$main.c$91$1_0$701                main
     000083DF  A$mainmain$414                     main
     000083E2  A$mainmain$415                     main
     000083E4  A$mainmain$416                     main
     000083E5  A$mainmain$417                     main
     000083E7  A$mainmain$420                     main
     000083E7  C$main.c$95$1_0$701                main
     000083E9  A$mainmain$421                     main
     000083EB  A$mainmain$422                     main
     000083EE  A$mainmain$423                     main
     000083EF  A$mainmain$426                     main
     000083EF  C$main.c$97$1_0$701                main
     000083F1  A$mainmain$427                     main
     000083F4  A$mainmain$428                     main
     000083F5  A$mainmain$431                     main
     000083F5  C$main.c$98$1_0$701                main
     000083F7  A$mainmain$432                     main
     000083F9  A$mainmain$433                     main
     000083FB  A$mainmain$434                     main
     000083FE  A$mainmain$435                     main
     00008400  A$mainmain$440                     main
     00008400  C$main.c$99$1_0$701                main
     00008400  XFmain$RTC_Config$0$0              main
     00008401  A$mainmain$450                     main
     00008401  C$main.c$101$1_0$704               main
     00008401  C$main.c$112$1_0$704               main
     00008401  Fmain$TIM4_Config$0$0              main
     00008403  A$mainmain$451                     main
     00008405  A$mainmain$452                     main
     00008408  A$mainmain$453                     main
ASxxxx Linker V03.00 + NoICE + sdld,  page 12.
Hexadecimal  [32-Bits]

Area                                    Addr        Size        Decimal Bytes (Attributes)
--------------------------------        ----        ----        ------- ----- ------------
CODE                                00008306    000019D2 =        6610. bytes (REL,CON)

      Value  Global                              Global Defined In Module
      -----  --------------------------------   ------------------------
     00008409  A$mainmain$456                     main
     00008409  C$main.c$114$1_0$704               main
     0000840B  A$mainmain$457                     main
     0000840D  A$mainmain$458                     main
     00008410  A$mainmain$459                     main
     00008411  A$mainmain$462                     main
     00008411  C$main.c$115$1_0$704               main
     00008413  A$mainmain$463                     main
     00008416  A$mainmain$464                     main
     00008417  A$mainmain$467                     main
     00008417  C$main.c$116$1_0$704               main
     00008419  A$mainmain$468                     main
     0000841B  A$mainmain$469                     main
     0000841E  A$mainmain$470                     main
     0000841F  A$mainmain$473                     main
     0000841F  C$main.c$117$1_0$704               main
     00008421  A$mainmain$474                     main
     00008424  A$mainmain$475                     main
     00008425  A$mainmain$480                     main
     00008425  C$main.c$118$1_0$704               main
     00008425  XFmain$TIM4_Config$0$0             main
     00008426  A$mainmain$490                     main
     00008426  C$main.c$120$1_0$706               main
     00008426  C$main.c$122$1_0$706               main
     00008426  Fmain$UART_Config$0$0              main
     00008428  A$mainmain$491                     main
     0000842A  A$mainmain$492                     main
     0000842D  A$mainmain$493                     main
     0000842E  A$mainmain$496                     main
     0000842E  C$main.c$124$1_0$706               main
     00008430  A$mainmain$497                     main
     00008432  A$mainmain$498                     main
     00008434  A$mainmain$499                     main
     00008436  A$mainmain$500                     main
     00008439  A$mainmain$501                     main
     0000843B  A$mainmain$504                     main
     0000843B  C$main.c$125$1_0$706               main
     0000843D  A$mainmain$505                     main
     0000843F  A$mainmain$506                     main
     00008441  A$mainmain$507                     main
     00008443  A$mainmain$508                     main
     00008446  A$mainmain$509                     main
     00008448  A$mainmain$512                     main
     00008448  C$main.c$127$1_0$706               main
     0000844A  A$mainmain$513                     main
     0000844C  A$mainmain$514                     main
     0000844E  A$mainmain$515                     main
     00008451  A$mainmain$516                     main
     00008453  A$mainmain$519                     main
     00008453  C$main.c$129$1_0$706               main
     00008455  A$mainmain$520                     main
ASxxxx Linker V03.00 + NoICE + sdld,  page 13.
Hexadecimal  [32-Bits]

Area                                    Addr        Size        Decimal Bytes (Attributes)
--------------------------------        ----        ----        ------- ----- ------------
CODE                                00008306    000019D2 =        6610. bytes (REL,CON)

      Value  Global                              Global Defined In Module
      -----  --------------------------------   ------------------------
     00008457  A$mainmain$521                     main
     00008459  A$mainmain$522                     main
     0000845B  A$mainmain$523                     main
     0000845D  A$mainmain$524                     main
     0000845F  A$mainmain$525                     main
     00008461  A$mainmain$526                     main
     00008463  A$mainmain$527                     main
     00008465  A$mainmain$528                     main
     00008467  A$mainmain$529                     main
     0000846A  A$mainmain$530                     main
     0000846C  A$mainmain$533                     main
     0000846C  C$main.c$130$1_0$706               main
     0000846E  A$mainmain$534                     main
     00008470  A$mainmain$535                     main
     00008472  A$mainmain$536                     main
     00008475  A$mainmain$537                     main
     00008477  A$mainmain$542                     main
     00008477  C$main.c$131$1_0$706               main
     00008477  XFmain$UART_Config$0$0             main
     00008478  A$mainmain$552                     main
     00008478  C$main.c$133$1_0$708               main
     00008478  C$main.c$135$1_0$708               main
     00008478  Fmain$GPIO_Config$0$0              main
     0000847A  A$mainmain$553                     main
     0000847C  A$mainmain$554                     main
     0000847E  A$mainmain$555                     main
     00008480  A$mainmain$556                     main
     00008483  A$mainmain$557                     main
     00008485  A$mainmain$560                     main
     00008485  C$main.c$136$1_0$708               main
     00008487  A$mainmain$561                     main
     00008489  A$mainmain$562                     main
     0000848B  A$mainmain$563                     main
     0000848D  A$mainmain$564                     main
     00008490  A$mainmain$565                     main
     00008492  A$mainmain$568                     main
     00008492  C$main.c$137$1_0$708               main
     00008494  A$mainmain$569                     main
     00008496  A$mainmain$570                     main
     00008498  A$mainmain$571                     main
     0000849A  A$mainmain$572                     main
     0000849D  A$mainmain$573                     main
     0000849F  A$mainmain$578                     main
     0000849F  C$main.c$138$1_0$708               main
     0000849F  XFmain$GPIO_Config$0$0             main
     000084A0  A$i2c/i2c$71                       i2c
     000084A0  C$i2c.c$14$0_0$636                 i2c
     000084A0  C$i2c.c$16$1_0$636                 i2c
     000084A0  G$I2cInit$0$0                      i2c
     000084A0  _I2cInit                           i2c
     000084A2  A$i2c/i2c$72                       i2c
ASxxxx Linker V03.00 + NoICE + sdld,  page 14.
Hexadecimal  [32-Bits]

Area                                    Addr        Size        Decimal Bytes (Attributes)
--------------------------------        ----        ----        ------- ----- ------------
CODE                                00008306    000019D2 =        6610. bytes (REL,CON)

      Value  Global                              Global Defined In Module
      -----  --------------------------------   ------------------------
     000084A4  A$i2c/i2c$73                       i2c
     000084A7  A$i2c/i2c$74                       i2c
     000084A8  A$i2c/i2c$77                       i2c
     000084A8  C$i2c.c$18$1_0$636                 i2c
     000084AA  A$i2c/i2c$78                       i2c
     000084AC  A$i2c/i2c$79                       i2c
     000084AE  A$i2c/i2c$80                       i2c
     000084B0  A$i2c/i2c$81                       i2c
     000084B3  A$i2c/i2c$82                       i2c
     000084B5  A$i2c/i2c$85                       i2c
     000084B5  C$i2c.c$19$1_0$636                 i2c
     000084B7  A$i2c/i2c$86                       i2c
     000084B9  A$i2c/i2c$87                       i2c
     000084BB  A$i2c/i2c$88                       i2c
     000084BD  A$i2c/i2c$89                       i2c
     000084C0  A$i2c/i2c$90                       i2c
     000084C2  A$i2c/i2c$93                       i2c
     000084C2  C$i2c.c$21$1_0$636                 i2c
     000084C4  A$i2c/i2c$94                       i2c
     000084C6  A$i2c/i2c$95                       i2c
     000084C8  A$i2c/i2c$96                       i2c
     000084CA  A$i2c/i2c$97                       i2c
     000084CC  A$i2c/i2c$98                       i2c
     000084CE  A$i2c/i2c$99                       i2c
     000084D0  A$i2c/i2c$100                      i2c
     000084D2  A$i2c/i2c$101                      i2c
     000084D4  A$i2c/i2c$102                      i2c
     000084D6  A$i2c/i2c$103                      i2c
     000084D8  A$i2c/i2c$104                      i2c
     000084DA  A$i2c/i2c$105                      i2c
     000084DD  A$i2c/i2c$106                      i2c
     000084DF  A$i2c/i2c$109                      i2c
     000084DF  C$i2c.c$22$1_0$636                 i2c
     000084E1  A$i2c/i2c$110                      i2c
     000084E3  A$i2c/i2c$111                      i2c
     000084E5  A$i2c/i2c$112                      i2c
     000084E7  A$i2c/i2c$113                      i2c
     000084E9  A$i2c/i2c$114                      i2c
     000084EC  A$i2c/i2c$115                      i2c
     000084EE  A$i2c/i2c$118                      i2c
     000084EE  C$i2c.c$23$1_0$636                 i2c
     000084F0  A$i2c/i2c$119                      i2c
     000084F2  A$i2c/i2c$120                      i2c
     000084F4  A$i2c/i2c$121                      i2c
     000084F7  A$i2c/i2c$122                      i2c
     000084F9  A$i2c/i2c$127                      i2c
     000084F9  C$i2c.c$24$1_0$636                 i2c
     000084F9  XG$I2cInit$0$0                     i2c
     000084FA  A$i2c/i2c$137                      i2c
     000084FA  C$i2c.c$26$1_0$638                 i2c
     000084FA  C$i2c.c$28$1_0$638                 i2c
ASxxxx Linker V03.00 + NoICE + sdld,  page 15.
Hexadecimal  [32-Bits]

Area                                    Addr        Size        Decimal Bytes (Attributes)
--------------------------------        ----        ----        ------- ----- ------------
CODE                                00008306    000019D2 =        6610. bytes (REL,CON)

      Value  Global                              Global Defined In Module
      -----  --------------------------------   ------------------------
     000084FA  G$I2cWriteRead$0$0                 i2c
     000084FA  _I2cWriteRead                      i2c
     000084FB  A$i2c/i2c$138                      i2c
     000084FE  A$i2c/i2c$139                      i2c
     00008500  A$i2c/i2c$140                      i2c
     00008501  A$i2c/i2c$141                      i2c
     00008503  A$i2c/i2c$142                      i2c
     00008504  A$i2c/i2c$143                      i2c
     00008507  A$i2c/i2c$144                      i2c
     00008509  A$i2c/i2c$145                      i2c
     0000850A  A$i2c/i2c$148                      i2c
     0000850A  C$i2c.c$29$1_0$638                 i2c
     0000850B  A$i2c/i2c$149                      i2c
     0000850D  A$i2c/i2c$152                      i2c
     0000850D  C$i2c.c$31$2_0$639                 i2c
     0000850F  A$i2c/i2c$153                      i2c
     00008510  A$i2c/i2c$154                      i2c
     00008512  A$i2c/i2c$155                      i2c
     00008513  A$i2c/i2c$156                      i2c
     00008515  A$i2c/i2c$157                      i2c
     00008516  A$i2c/i2c$158                      i2c
     00008519  A$i2c/i2c$159                      i2c
     0000851B  A$i2c/i2c$160                      i2c
     0000851C  A$i2c/i2c$164                      i2c
     0000851C  C$i2c.c$34$1_0$638                 i2c
     0000851D  A$i2c/i2c$169                      i2c
     0000851D  C$i2c.c$35$1_0$638                 i2c
     0000851D  XG$I2cWriteRead$0$0                i2c
     0000851E  A$i2c/i2c$177                      i2c
     0000851E  C$i2c.c$37$1_0$641                 i2c
     0000851E  G$I2cRead$0$0                      i2c
     0000851E  _I2cRead                           i2c
     0000851F  A$i2c/i2c$180                      i2c
     0000851F  C$i2c.c$39$1_0$641                 i2c
     00008522  A$i2c/i2c$181                      i2c
     00008525  A$i2c/i2c$185                      i2c
     00008525  C$i2c.c$42$1_0$641                 i2c
     00008528  A$i2c/i2c$186                      i2c
     0000852A  A$i2c/i2c$187                      i2c
     0000852C  A$i2c/i2c$188                      i2c
     0000852F  A$i2c/i2c$189                      i2c
     00008531  A$i2c/i2c$192                      i2c
     00008531  C$i2c.c$44$2_0$642                 i2c
     00008535  A$i2c/i2c$196                      i2c
     00008535  C$i2c.c$45$2_0$642                 i2c
     00008538  A$i2c/i2c$197                      i2c
     0000853A  A$i2c/i2c$198                      i2c
     0000853C  A$i2c/i2c$199                      i2c
     0000853F  A$i2c/i2c$200                      i2c
     00008541  A$i2c/i2c$201                      i2c
     00008543  A$i2c/i2c$205                      i2c
ASxxxx Linker V03.00 + NoICE + sdld,  page 16.
Hexadecimal  [32-Bits]

Area                                    Addr        Size        Decimal Bytes (Attributes)
--------------------------------        ----        ----        ------- ----- ------------
CODE                                00008306    000019D2 =        6610. bytes (REL,CON)

      Value  Global                              Global Defined In Module
      -----  --------------------------------   ------------------------
     00008543  C$i2c.c$49$1_0$641                 i2c
     00008547  A$i2c/i2c$208                      i2c
     00008547  C$i2c.c$52$1_0$641                 i2c
     0000854B  A$i2c/i2c$212                      i2c
     0000854B  C$i2c.c$53$1_0$641                 i2c
     0000854E  A$i2c/i2c$213                      i2c
     0000854F  A$i2c/i2c$214                      i2c
     00008551  A$i2c/i2c$215                      i2c
     00008554  A$i2c/i2c$216                      i2c
     00008556  A$i2c/i2c$220                      i2c
     00008556  C$i2c.c$58$1_0$641                 i2c
     00008559  A$i2c/i2c$221                      i2c
     0000855B  A$i2c/i2c$224                      i2c
     0000855B  C$i2c.c$60$2_0$645                 i2c
     0000855D  A$i2c/i2c$225                      i2c
     0000855F  A$i2c/i2c$226                      i2c
     00008562  A$i2c/i2c$230                      i2c
     00008562  C$i2c.c$62$1_0$641                 i2c
     00008565  A$i2c/i2c$231                      i2c
     00008567  A$i2c/i2c$232                      i2c
     00008569  A$i2c/i2c$233                      i2c
     0000856C  A$i2c/i2c$234                      i2c
     0000856E  A$i2c/i2c$238                      i2c
     0000856E  C$i2c.c$67$1_0$641                 i2c
     00008570  A$i2c/i2c$239                      i2c
     00008572  A$i2c/i2c$240                      i2c
     00008574  A$i2c/i2c$241                      i2c
     00008577  A$i2c/i2c$245                      i2c
     00008577  C$i2c.c$69$2_0$647                 i2c
     0000857A  A$i2c/i2c$248                      i2c
     0000857A  C$i2c.c$70$1_0$641                 i2c
     0000857C  A$i2c/i2c$249                      i2c
     0000857E  A$i2c/i2c$250                      i2c
     00008580  A$i2c/i2c$252                      i2c
     00008582  A$i2c/i2c$253                      i2c
     00008584  A$i2c/i2c$254                      i2c
     00008586  A$i2c/i2c$255                      i2c
     0000858A  A$i2c/i2c$256                      i2c
     0000858C  A$i2c/i2c$260                      i2c
     0000858C  C$i2c.c$72$3_0$648                 i2c
     0000858F  A$i2c/i2c$261                      i2c
     00008591  A$i2c/i2c$262                      i2c
     00008593  A$i2c/i2c$263                      i2c
     00008597  A$i2c/i2c$264                      i2c
     00008599  A$i2c/i2c$268                      i2c
     00008599  C$i2c.c$75$3_0$648                 i2c
     0000859C  A$i2c/i2c$269                      i2c
     0000859D  A$i2c/i2c$270                      i2c
     0000859E  A$i2c/i2c$273                      i2c
     0000859E  C$i2c.c$76$3_0$648                 i2c
     000085A0  A$i2c/i2c$274                      i2c
ASxxxx Linker V03.00 + NoICE + sdld,  page 17.
Hexadecimal  [32-Bits]

Area                                    Addr        Size        Decimal Bytes (Attributes)
--------------------------------        ----        ----        ------- ----- ------------
CODE                                00008306    000019D2 =        6610. bytes (REL,CON)

      Value  Global                              Global Defined In Module
      -----  --------------------------------   ------------------------
     000085A2  A$i2c/i2c$278                      i2c
     000085A2  C$i2c.c$79$1_0$641                 i2c
     000085A4  A$i2c/i2c$280                      i2c
     000085A7  A$i2c/i2c$281                      i2c
     000085A9  A$i2c/i2c$282                      i2c
     000085AB  A$i2c/i2c$283                      i2c
     000085AE  A$i2c/i2c$284                      i2c
     000085B0  A$i2c/i2c$288                      i2c
     000085B0  C$i2c.c$82$2_0$647                 i2c
     000085B3  A$i2c/i2c$289                      i2c
     000085B5  A$i2c/i2c$290                      i2c
     000085B8  A$i2c/i2c$293                      i2c
     000085B8  C$i2c.c$83$2_0$647                 i2c
     000085B9  A$i2c/i2c$296                      i2c
     000085B9  C$i2c.c$84$2_0$647                 i2c
     000085BB  A$i2c/i2c$297                      i2c
     000085BE  A$i2c/i2c$298                      i2c
     000085BF  A$i2c/i2c$299                      i2c
     000085C0  A$i2c/i2c$300                      i2c
     000085C2  A$i2c/i2c$303                      i2c
     000085C2  C$i2c.c$85$2_0$647                 i2c
     000085C6  A$i2c/i2c$306                      i2c
     000085C6  C$i2c.c$86$2_0$647                 i2c
     000085C8  A$i2c/i2c$307                      i2c
     000085CB  A$i2c/i2c$308                      i2c
     000085CC  A$i2c/i2c$309                      i2c
     000085CD  A$i2c/i2c$310                      i2c
     000085CF  A$i2c/i2c$313                      i2c
     000085CF  C$i2c.c$87$2_0$647                 i2c
     000085D0  A$i2c/i2c$317                      i2c
     000085D0  C$i2c.c$88$2_0$647                 i2c
     000085D3  A$i2c/i2c$318                      i2c
     000085D5  A$i2c/i2c$319                      i2c
     000085D7  A$i2c/i2c$320                      i2c
     000085DA  A$i2c/i2c$321                      i2c
     000085DC  A$i2c/i2c$325                      i2c
     000085DC  C$i2c.c$91$2_0$647                 i2c
     000085DE  A$i2c/i2c$326                      i2c
     000085E1  A$i2c/i2c$327                      i2c
     000085E2  A$i2c/i2c$328                      i2c
     000085E5  A$i2c/i2c$332                      i2c
     000085E5  C$i2c.c$44$1_0$641                 i2c
     000085E8  A$i2c/i2c$335                      i2c
     000085E8  C$i2c.c$95$2_0$652                 i2c
     000085E9  A$i2c/i2c$336                      i2c
     000085EB  A$i2c/i2c$337                      i2c
     000085ED  A$i2c/i2c$338                      i2c
     000085EE  A$i2c/i2c$339                      i2c
     000085F0  A$i2c/i2c$342                      i2c
     000085F0  C$i2c.c$97$3_0$653                 i2c
     000085F2  A$i2c/i2c$343                      i2c
ASxxxx Linker V03.00 + NoICE + sdld,  page 18.
Hexadecimal  [32-Bits]

Area                                    Addr        Size        Decimal Bytes (Attributes)
--------------------------------        ----        ----        ------- ----- ------------
CODE                                00008306    000019D2 =        6610. bytes (REL,CON)

      Value  Global                              Global Defined In Module
      -----  --------------------------------   ------------------------
     000085F5  A$i2c/i2c$346                      i2c
     000085F5  C$i2c.c$98$3_0$653                 i2c
     000085F6  A$i2c/i2c$349                      i2c
     000085F6  C$i2c.c$99$3_0$653                 i2c
     000085F9  A$i2c/i2c$352                      i2c
     000085F9  C$i2c.c$100$3_0$653                i2c
     000085FC  A$i2c/i2c$353                      i2c
     000085FE  A$i2c/i2c$354                      i2c
     00008601  A$i2c/i2c$357                      i2c
     00008601  C$i2c.c$101$3_0$653                i2c
     00008602  A$i2c/i2c$361                      i2c
     00008602  C$i2c.c$102$3_0$653                i2c
     00008605  A$i2c/i2c$362                      i2c
     00008607  A$i2c/i2c$363                      i2c
     00008609  A$i2c/i2c$364                      i2c
     0000860C  A$i2c/i2c$365                      i2c
     0000860E  A$i2c/i2c$369                      i2c
     0000860E  C$i2c.c$105$3_0$653                i2c
     0000860F  A$i2c/i2c$372                      i2c
     0000860F  C$i2c.c$106$3_0$653                i2c
     00008613  A$i2c/i2c$375                      i2c
     00008613  C$i2c.c$107$3_0$653                i2c
     00008615  A$i2c/i2c$376                      i2c
     00008618  A$i2c/i2c$377                      i2c
     00008619  A$i2c/i2c$378                      i2c
     0000861A  A$i2c/i2c$379                      i2c
     0000861C  A$i2c/i2c$382                      i2c
     0000861C  C$i2c.c$108$3_0$653                i2c
     0000861D  A$i2c/i2c$385                      i2c
     0000861D  C$i2c.c$109$3_0$653                i2c
     0000861F  A$i2c/i2c$386                      i2c
     00008622  A$i2c/i2c$387                      i2c
     00008623  A$i2c/i2c$388                      i2c
     00008625  A$i2c/i2c$392                      i2c
     00008625  C$i2c.c$113$3_0$655                i2c
     00008627  A$i2c/i2c$393                      i2c
     0000862A  A$i2c/i2c$396                      i2c
     0000862A  C$i2c.c$114$3_0$655                i2c
     0000862B  A$i2c/i2c$399                      i2c
     0000862B  C$i2c.c$115$3_0$655                i2c
     0000862E  A$i2c/i2c$402                      i2c
     0000862E  C$i2c.c$116$3_0$655                i2c
     00008631  A$i2c/i2c$403                      i2c
     00008633  A$i2c/i2c$404                      i2c
     00008636  A$i2c/i2c$407                      i2c
     00008636  C$i2c.c$117$3_0$655                i2c
     00008637  A$i2c/i2c$411                      i2c
     00008637  C$i2c.c$118$3_0$655                i2c
     0000863A  A$i2c/i2c$412                      i2c
     0000863C  A$i2c/i2c$413                      i2c
     0000863E  A$i2c/i2c$414                      i2c
ASxxxx Linker V03.00 + NoICE + sdld,  page 19.
Hexadecimal  [32-Bits]

Area                                    Addr        Size        Decimal Bytes (Attributes)
--------------------------------        ----        ----        ------- ----- ------------
CODE                                00008306    000019D2 =        6610. bytes (REL,CON)

      Value  Global                              Global Defined In Module
      -----  --------------------------------   ------------------------
     00008641  A$i2c/i2c$415                      i2c
     00008643  A$i2c/i2c$419                      i2c
     00008643  C$i2c.c$121$3_0$655                i2c
     00008645  A$i2c/i2c$420                      i2c
     00008648  A$i2c/i2c$421                      i2c
     00008649  A$i2c/i2c$425                      i2c
     00008649  C$i2c.c$126$1_0$641                i2c
     0000864C  A$i2c/i2c$426                      i2c
     0000864E  A$i2c/i2c$427                      i2c
     00008650  A$i2c/i2c$428                      i2c
     00008653  A$i2c/i2c$429                      i2c
     00008655  A$i2c/i2c$433                      i2c
     00008655  C$i2c.c$129$1_0$641                i2c
     00008659  A$i2c/i2c$436                      i2c
     00008659  C$i2c.c$131$1_0$641                i2c
     0000865C  A$i2c/i2c$437                      i2c
     0000865F  A$i2c/i2c$438                      i2c
     00008660  A$i2c/i2c$439                      i2c
     00008661  A$i2c/i2c$440                      i2c
     00008663  A$i2c/i2c$443                      i2c
     00008665  A$i2c/i2c$446                      i2c
     00008665  C$i2c.c$132$1_0$641                i2c
     00008665  XG$I2cRead$0$0                     i2c
     00008666  A$i2c/i2c$454                      i2c
     00008666  C$i2c.c$134$1_0$659                i2c
     00008666  G$I2cWrite$0$0                     i2c
     00008666  _I2cWrite                          i2c
     00008667  A$i2c/i2c$457                      i2c
     00008667  C$i2c.c$138$1_0$659                i2c
     0000866A  A$i2c/i2c$458                      i2c
     0000866D  A$i2c/i2c$462                      i2c
     0000866D  C$i2c.c$140$1_0$659                i2c
     00008670  A$i2c/i2c$463                      i2c
     00008672  A$i2c/i2c$464                      i2c
     00008674  A$i2c/i2c$465                      i2c
     00008677  A$i2c/i2c$466                      i2c
     00008679  A$i2c/i2c$469                      i2c
     00008679  C$i2c.c$142$2_0$660                i2c
     0000867D  A$i2c/i2c$473                      i2c
     0000867D  C$i2c.c$143$2_0$660                i2c
     00008680  A$i2c/i2c$474                      i2c
     00008682  A$i2c/i2c$475                      i2c
     00008684  A$i2c/i2c$476                      i2c
     00008687  A$i2c/i2c$477                      i2c
     00008689  A$i2c/i2c$478                      i2c
     0000868B  A$i2c/i2c$482                      i2c
     0000868B  C$i2c.c$148$1_0$659                i2c
     0000868F  A$i2c/i2c$486                      i2c
     0000868F  C$i2c.c$149$1_0$659                i2c
     00008692  A$i2c/i2c$487                      i2c
     00008693  A$i2c/i2c$488                      i2c
ASxxxx Linker V03.00 + NoICE + sdld,  page 20.
Hexadecimal  [32-Bits]

Area                                    Addr        Size        Decimal Bytes (Attributes)
--------------------------------        ----        ----        ------- ----- ------------
CODE                                00008306    000019D2 =        6610. bytes (REL,CON)

      Value  Global                              Global Defined In Module
      -----  --------------------------------   ------------------------
     00008695  A$i2c/i2c$489                      i2c
     00008698  A$i2c/i2c$490                      i2c
     0000869A  A$i2c/i2c$494                      i2c
     0000869A  C$i2c.c$152$1_0$659                i2c
     0000869B  A$i2c/i2c$495                      i2c
     0000869C  A$i2c/i2c$498                      i2c
     0000869C  C$i2c.c$154$1_0$659                i2c
     0000869F  A$i2c/i2c$499                      i2c
     000086A1  A$i2c/i2c$502                      i2c
     000086A1  C$i2c.c$156$2_0$663                i2c
     000086A4  A$i2c/i2c$503                      i2c
     000086A6  A$i2c/i2c$504                      i2c
     000086A7  A$i2c/i2c$508                      i2c
     000086A7  C$i2c.c$158$1_0$659                i2c
     000086AA  A$i2c/i2c$509                      i2c
     000086AC  A$i2c/i2c$510                      i2c
     000086AE  A$i2c/i2c$511                      i2c
     000086B1  A$i2c/i2c$512                      i2c
     000086B3  A$i2c/i2c$516                      i2c
     000086B3  C$i2c.c$161$1_0$659                i2c
     000086B4  A$i2c/i2c$517                      i2c
     000086B5  A$i2c/i2c$520                      i2c
     000086B5  C$i2c.c$162$1_0$659                i2c
     000086B8  A$i2c/i2c$523                      i2c
     000086B8  C$i2c.c$164$1_0$659                i2c
     000086BA  A$i2c/i2c$525                      i2c
     000086BC  A$i2c/i2c$526                      i2c
     000086BE  A$i2c/i2c$527                      i2c
     000086C0  A$i2c/i2c$531                      i2c
     000086C0  C$i2c.c$166$3_0$666                i2c
     000086C3  A$i2c/i2c$532                      i2c
     000086C5  A$i2c/i2c$533                      i2c
     000086C8  A$i2c/i2c$534                      i2c
     000086CA  A$i2c/i2c$538                      i2c
     000086CA  C$i2c.c$169$3_0$666                i2c
     000086CB  A$i2c/i2c$539                      i2c
     000086CD  A$i2c/i2c$540                      i2c
     000086CE  A$i2c/i2c$541                      i2c
     000086D1  A$i2c/i2c$542                      i2c
     000086D2  A$i2c/i2c$543                      i2c
     000086D5  A$i2c/i2c$546                      i2c
     000086D5  C$i2c.c$164$2_0$665                i2c
     000086D7  A$i2c/i2c$547                      i2c
     000086D9  A$i2c/i2c$551                      i2c
     000086D9  C$i2c.c$172$1_0$659                i2c
     000086DC  A$i2c/i2c$552                      i2c
     000086DE  A$i2c/i2c$553                      i2c
     000086DF  A$i2c/i2c$554                      i2c
     000086E0  A$i2c/i2c$555                      i2c
     000086E1  A$i2c/i2c$556                      i2c
     000086E4  A$i2c/i2c$557                      i2c
ASxxxx Linker V03.00 + NoICE + sdld,  page 21.
Hexadecimal  [32-Bits]

Area                                    Addr        Size        Decimal Bytes (Attributes)
--------------------------------        ----        ----        ------- ----- ------------
CODE                                00008306    000019D2 =        6610. bytes (REL,CON)

      Value  Global                              Global Defined In Module
      -----  --------------------------------   ------------------------
     000086E6  A$i2c/i2c$558                      i2c
     000086E9  A$i2c/i2c$559                      i2c
     000086EB  A$i2c/i2c$563                      i2c
     000086EB  C$i2c.c$175$1_0$659                i2c
     000086EC  A$i2c/i2c$564                      i2c
     000086ED  A$i2c/i2c$567                      i2c
     000086ED  C$i2c.c$177$1_0$659                i2c
     000086F1  A$i2c/i2c$571                      i2c
     000086F1  C$i2c.c$178$1_0$659                i2c
     000086F4  A$i2c/i2c$572                      i2c
     000086F6  A$i2c/i2c$573                      i2c
     000086F8  A$i2c/i2c$574                      i2c
     000086FB  A$i2c/i2c$575                      i2c
     000086FD  A$i2c/i2c$579                      i2c
     000086FD  C$i2c.c$182$1_0$659                i2c
     00008700  A$i2c/i2c$580                      i2c
     00008703  A$i2c/i2c$581                      i2c
     00008704  A$i2c/i2c$582                      i2c
     00008705  A$i2c/i2c$583                      i2c
     00008707  A$i2c/i2c$586                      i2c
     00008709  A$i2c/i2c$589                      i2c
     00008709  C$i2c.c$183$1_0$659                i2c
     00008709  XG$I2cWrite$0$0                    i2c
     0000870A  A$i2c/i2c$599                      i2c
     0000870A  C$i2c.c$185$1_0$671                i2c
     0000870A  C$i2c.c$187$1_0$671                i2c
     0000870A  G$I2C1_SPI2_IRQHandler$0$0         i2c
     0000870A  _I2C1_SPI2_IRQHandler              i2c
     0000870E  A$i2c/i2c$602                      i2c
     0000870E  C$i2c.c$188$1_0$671                i2c
     00008712  A$i2c/i2c$605                      i2c
     00008712  C$i2c.c$189$1_0$671                i2c
     00008713  A$i2c/i2c$606                      i2c
     00008716  A$i2c/i2c$611                      i2c
     00008716  C$i2c.c$190$1_0$671                i2c
     00008716  XG$I2C1_SPI2_IRQHandler$0$0        i2c
     00008717  A$i2c/i2c$621                      i2c
     00008717  C$i2c.c$192$1_0$673                i2c
     00008717  C$i2c.c$194$1_0$673                i2c
     00008717  G$I2cInterruptSysTick$0$0          i2c
     00008717  _I2cInterruptSysTick               i2c
     0000871A  A$i2c/i2c$622                      i2c
     0000871C  A$i2c/i2c$625                      i2c
     0000871C  C$i2c.c$196$2_0$674                i2c
     0000871F  A$i2c/i2c$626                      i2c
     00008720  A$i2c/i2c$627                      i2c
     00008723  A$i2c/i2c$633                      i2c
     00008723  C$i2c.c$198$1_0$673                i2c
     00008723  XG$I2cInterruptSysTick$0$0         i2c
     00008724  A$spi/spi$69                       spi
     00008724  C$spi.c$4$0_0$636                  spi
ASxxxx Linker V03.00 + NoICE + sdld,  page 22.
Hexadecimal  [32-Bits]

Area                                    Addr        Size        Decimal Bytes (Attributes)
--------------------------------        ----        ----        ------- ----- ------------
CODE                                00008306    000019D2 =        6610. bytes (REL,CON)

      Value  Global                              Global Defined In Module
      -----  --------------------------------   ------------------------
     00008724  C$spi.c$6$1_0$636                  spi
     00008724  G$SpiInit$0$0                      spi
     00008724  _SpiInit                           spi
     00008726  A$spi/spi$70                       spi
     00008728  A$spi/spi$71                       spi
     0000872A  A$spi/spi$72                       spi
     0000872C  A$spi/spi$73                       spi
     0000872F  A$spi/spi$74                       spi
     00008731  A$spi/spi$77                       spi
     00008731  C$spi.c$7$1_0$636                  spi
     00008733  A$spi/spi$78                       spi
     00008735  A$spi/spi$79                       spi
     00008737  A$spi/spi$80                       spi
     00008739  A$spi/spi$81                       spi
     0000873C  A$spi/spi$82                       spi
     0000873E  A$spi/spi$85                       spi
     0000873E  C$spi.c$8$1_0$636                  spi
     00008740  A$spi/spi$86                       spi
     00008742  A$spi/spi$87                       spi
     00008744  A$spi/spi$88                       spi
     00008746  A$spi/spi$89                       spi
     00008749  A$spi/spi$90                       spi
     0000874B  A$spi/spi$93                       spi
     0000874B  C$spi.c$10$1_0$636                 spi
     0000874D  A$spi/spi$94                       spi
     0000874F  A$spi/spi$95                       spi
     00008752  A$spi/spi$96                       spi
     00008753  A$spi/spi$99                       spi
     00008753  C$spi.c$12$1_0$636                 spi
     00008755  A$spi/spi$100                      spi
     00008757  A$spi/spi$101                      spi
     00008759  A$spi/spi$102                      spi
     0000875B  A$spi/spi$103                      spi
     0000875D  A$spi/spi$104                      spi
     0000875F  A$spi/spi$105                      spi
     00008761  A$spi/spi$106                      spi
     00008763  A$spi/spi$107                      spi
     00008765  A$spi/spi$108                      spi
     00008767  A$spi/spi$109                      spi
     0000876A  A$spi/spi$110                      spi
     0000876C  A$spi/spi$113                      spi
     0000876C  C$spi.c$16$1_0$636                 spi
     0000876E  A$spi/spi$114                      spi
     00008770  A$spi/spi$115                      spi
     00008772  A$spi/spi$116                      spi
     00008775  A$spi/spi$117                      spi
     00008777  A$spi/spi$122                      spi
     00008777  C$spi.c$17$1_0$636                 spi
     00008777  XG$SpiInit$0$0                     spi
     00008778  A$spi/spi$133                      spi
     00008778  C$spi.c$19$1_0$638                 spi
ASxxxx Linker V03.00 + NoICE + sdld,  page 23.
Hexadecimal  [32-Bits]

Area                                    Addr        Size        Decimal Bytes (Attributes)
--------------------------------        ----        ----        ------- ----- ------------
CODE                                00008306    000019D2 =        6610. bytes (REL,CON)

      Value  Global                              Global Defined In Module
      -----  --------------------------------   ------------------------
     00008778  C$spi.c$23$1_0$638                 spi
     00008778  G$SpiWriteRead$0$0                 spi
     00008778  _SpiWriteRead                      spi
     0000877A  A$spi/spi$134                      spi
     0000877C  A$spi/spi$135                      spi
     0000877E  A$spi/spi$136                      spi
     00008781  A$spi/spi$137                      spi
     00008783  A$spi/spi$138                      spi
     00008784  A$spi/spi$139                      spi
     00008786  A$spi/spi$142                      spi
     00008786  C$spi.c$25$1_0$638                 spi
     00008788  A$spi/spi$143                      spi
     00008789  A$spi/spi$144                      spi
     0000878B  A$spi/spi$145                      spi
     0000878D  A$spi/spi$146                      spi
     00008790  A$spi/spi$147                      spi
     00008792  A$spi/spi$151                      spi
     00008792  C$spi.c$26$1_0$638                 spi
     00008794  A$spi/spi$152                      spi
     00008796  A$spi/spi$153                      spi
     00008798  A$spi/spi$154                      spi
     0000879B  A$spi/spi$155                      spi
     0000879D  A$spi/spi$156                      spi
     0000879E  A$spi/spi$157                      spi
     000087A0  A$spi/spi$160                      spi
     000087A0  C$spi.c$28$1_0$638                 spi
     000087A2  A$spi/spi$161                      spi
     000087A4  A$spi/spi$162                      spi
     000087A7  A$spi/spi$163                      spi
     000087A8  A$spi/spi$168                      spi
     000087A8  C$spi.c$42$1_0$638                 spi
     000087A8  XG$SpiWriteRead$0$0                spi
     000087A9  A$spi/spi$176                      spi
     000087A9  C$spi.c$44$1_0$641                 spi
     000087A9  G$SpiReadBuffer$0$0                spi
     000087A9  _SpiReadBuffer                     spi
     000087AA  A$spi/spi$179                      spi
     000087AC  A$spi/spi$181                      spi
     000087AE  A$spi/spi$182                      spi
     000087B0  A$spi/spi$183                      spi
     000087B2  A$spi/spi$186                      spi
     000087B2  C$spi.c$49$3_0$642                 spi
     000087B3  A$spi/spi$187                      spi
     000087B5  A$spi/spi$188                      spi
     000087B6  A$spi/spi$189                      spi
     000087B9  A$spi/spi$190                      spi
     000087BA  A$spi/spi$191                      spi
     000087BC  A$spi/spi$192                      spi
     000087BF  A$spi/spi$193                      spi
     000087C1  A$spi/spi$194                      spi
     000087C2  A$spi/spi$195                      spi
ASxxxx Linker V03.00 + NoICE + sdld,  page 24.
Hexadecimal  [32-Bits]

Area                                    Addr        Size        Decimal Bytes (Attributes)
--------------------------------        ----        ----        ------- ----- ------------
CODE                                00008306    000019D2 =        6610. bytes (REL,CON)

      Value  Global                              Global Defined In Module
      -----  --------------------------------   ------------------------
     000087C3  A$spi/spi$198                      spi
     000087C3  C$spi.c$47$2_0$641                 spi
     000087C5  A$spi/spi$199                      spi
     000087C7  A$spi/spi$203                      spi
     000087C8  A$spi/spi$206                      spi
     000087C8  C$spi.c$51$2_0$641                 spi
     000087C8  XG$SpiReadBuffer$0$0               spi
     000087C9  A$spi/spi$214                      spi
     000087C9  C$spi.c$53$2_0$645                 spi
     000087C9  G$SpiWriteBuffer$0$0               spi
     000087C9  _SpiWriteBuffer                    spi
     000087CA  A$spi/spi$217                      spi
     000087CC  A$spi/spi$219                      spi
     000087CE  A$spi/spi$220                      spi
     000087D0  A$spi/spi$221                      spi
     000087D2  A$spi/spi$224                      spi
     000087D2  C$spi.c$58$3_0$646                 spi
     000087D3  A$spi/spi$225                      spi
     000087D5  A$spi/spi$226                      spi
     000087D6  A$spi/spi$227                      spi
     000087D9  A$spi/spi$228                      spi
     000087DA  A$spi/spi$229                      spi
     000087DB  A$spi/spi$230                      spi
     000087DE  A$spi/spi$231                      spi
     000087DF  A$spi/spi$234                      spi
     000087DF  C$spi.c$56$2_0$645                 spi
     000087E1  A$spi/spi$235                      spi
     000087E3  A$spi/spi$239                      spi
     000087E4  A$spi/spi$242                      spi
     000087E4  C$spi.c$60$2_0$645                 spi
     000087E4  XG$SpiWriteBuffer$0$0              spi
     000087E5  A$spi/spi$250                      spi
     000087E5  C$spi.c$62$2_0$649                 spi
     000087E5  G$SpiWriteReadBuffer$0$0           spi
     000087E5  _SpiWriteReadBuffer                spi
     000087E6  A$spi/spi$253                      spi
     000087E8  A$spi/spi$255                      spi
     000087EA  A$spi/spi$256                      spi
     000087EC  A$spi/spi$257                      spi
     000087EE  A$spi/spi$260                      spi
     000087EE  C$spi.c$67$3_0$650                 spi
     000087EF  A$spi/spi$261                      spi
     000087F1  A$spi/spi$262                      spi
     000087F2  A$spi/spi$263                      spi
     000087F5  A$spi/spi$264                      spi
     000087F6  A$spi/spi$265                      spi
     000087F7  A$spi/spi$266                      spi
     000087F8  A$spi/spi$267                      spi
     000087FB  A$spi/spi$268                      spi
     000087FD  A$spi/spi$269                      spi
     000087FE  A$spi/spi$270                      spi
ASxxxx Linker V03.00 + NoICE + sdld,  page 25.
Hexadecimal  [32-Bits]

Area                                    Addr        Size        Decimal Bytes (Attributes)
--------------------------------        ----        ----        ------- ----- ------------
CODE                                00008306    000019D2 =        6610. bytes (REL,CON)

      Value  Global                              Global Defined In Module
      -----  --------------------------------   ------------------------
     000087FF  A$spi/spi$273                      spi
     000087FF  C$spi.c$65$2_0$649                 spi
     00008801  A$spi/spi$274                      spi
     00008803  A$spi/spi$278                      spi
     00008804  A$spi/spi$281                      spi
     00008804  C$spi.c$69$2_0$649                 spi
     00008804  XG$SpiWriteReadBuffer$0$0          spi
     00008805  A$adc/adc$69                       adc
     00008805  C$adc.c$4$0_0$633                  adc
     00008805  C$adc.c$6$1_0$633                  adc
     00008805  G$AdcInit$0$0                      adc
     00008805  _AdcInit                           adc
     00008807  A$adc/adc$70                       adc
     00008809  A$adc/adc$71                       adc
     0000880C  A$adc/adc$72                       adc
     0000880D  A$adc/adc$75                       adc
     0000880D  C$adc.c$8$1_0$633                  adc
     0000880F  A$adc/adc$76                       adc
     00008811  A$adc/adc$77                       adc
     00008813  A$adc/adc$78                       adc
     00008815  A$adc/adc$79                       adc
     00008817  A$adc/adc$80                       adc
     0000881A  A$adc/adc$81                       adc
     0000881C  A$adc/adc$84                       adc
     0000881C  C$adc.c$9$1_0$633                  adc
     0000881E  A$adc/adc$85                       adc
     00008820  A$adc/adc$86                       adc
     00008822  A$adc/adc$87                       adc
     00008824  A$adc/adc$88                       adc
     00008827  A$adc/adc$89                       adc
     00008829  A$adc/adc$94                       adc
     00008829  C$adc.c$10$1_0$633                 adc
     00008829  XG$AdcInit$0$0                     adc
     0000882A  A$adc/adc$102                      adc
     0000882A  C$adc.c$12$1_0$635                 adc
     0000882A  G$AdcGetVoltage$0$0                adc
     0000882A  _AdcGetVoltage                     adc
     0000882B  A$adc/adc$105                      adc
     0000882B  C$adc.c$16$1_0$635                 adc
     0000882D  A$adc/adc$106                      adc
     0000882F  A$adc/adc$107                      adc
     00008831  A$adc/adc$108                      adc
     00008834  A$adc/adc$109                      adc
     00008836  A$adc/adc$112                      adc
     00008836  C$adc.c$17$1_0$635                 adc
     00008838  A$adc/adc$113                      adc
     0000883B  A$adc/adc$114                      adc
     0000883C  A$adc/adc$117                      adc
     0000883C  C$adc.c$18$1_0$635                 adc
     0000883E  A$adc/adc$118                      adc
     00008840  A$adc/adc$119                      adc
ASxxxx Linker V03.00 + NoICE + sdld,  page 26.
Hexadecimal  [32-Bits]

Area                                    Addr        Size        Decimal Bytes (Attributes)
--------------------------------        ----        ----        ------- ----- ------------
CODE                                00008306    000019D2 =        6610. bytes (REL,CON)

      Value  Global                              Global Defined In Module
      -----  --------------------------------   ------------------------
     00008843  A$adc/adc$120                      adc
     00008844  A$adc/adc$123                      adc
     00008844  C$adc.c$19$1_0$635                 adc
     00008846  A$adc/adc$124                      adc
     00008848  A$adc/adc$125                      adc
     0000884A  A$adc/adc$126                      adc
     0000884C  A$adc/adc$127                      adc
     0000884E  A$adc/adc$128                      adc
     00008851  A$adc/adc$129                      adc
     00008853  A$adc/adc$132                      adc
     00008853  C$adc.c$20$1_0$635                 adc
     00008855  A$adc/adc$133                      adc
     00008857  A$adc/adc$134                      adc
     0000885A  A$adc/adc$135                      adc
     0000885B  A$adc/adc$139                      adc
     0000885B  C$adc.c$21$1_0$635                 adc
     0000885D  A$adc/adc$140                      adc
     0000885F  A$adc/adc$141                      adc
     00008861  A$adc/adc$142                      adc
     00008864  A$adc/adc$143                      adc
     00008866  A$adc/adc$144                      adc
     00008867  A$adc/adc$145                      adc
     00008869  A$adc/adc$148                      adc
     00008869  C$adc.c$24$1_0$635                 adc
     0000886B  A$adc/adc$149                      adc
     0000886D  A$adc/adc$150                      adc
     00008870  A$adc/adc$151                      adc
     00008872  A$adc/adc$152                      adc
     00008874  A$adc/adc$155                      adc
     00008874  C$adc.c$25$1_0$635                 adc
     00008876  A$adc/adc$156                      adc
     00008878  A$adc/adc$157                      adc
     0000887A  A$adc/adc$158                      adc
     0000887C  A$adc/adc$159                      adc
     0000887E  A$adc/adc$160                      adc
     00008881  A$adc/adc$161                      adc
     00008883  A$adc/adc$164                      adc
     00008883  C$adc.c$26$1_0$635                 adc
     00008885  A$adc/adc$165                      adc
     00008888  A$adc/adc$166                      adc
     00008889  A$adc/adc$169                      adc
     00008889  C$adc.c$27$1_0$635                 adc
     0000888B  A$adc/adc$170                      adc
     0000888D  A$adc/adc$171                      adc
     0000888F  A$adc/adc$172                      adc
     00008892  A$adc/adc$173                      adc
     00008894  A$adc/adc$176                      adc
     00008894  C$adc.c$29$1_0$635                 adc
     00008896  A$adc/adc$177                      adc
     00008897  A$adc/adc$178                      adc
     00008898  A$adc/adc$179                      adc
ASxxxx Linker V03.00 + NoICE + sdld,  page 27.
Hexadecimal  [32-Bits]

Area                                    Addr        Size        Decimal Bytes (Attributes)
--------------------------------        ----        ----        ------- ----- ------------
CODE                                00008306    000019D2 =        6610. bytes (REL,CON)

      Value  Global                              Global Defined In Module
      -----  --------------------------------   ------------------------
     00008899  A$adc/adc$180                      adc
     0000889C  A$adc/adc$181                      adc
     0000889D  A$adc/adc$182                      adc
     0000889F  A$adc/adc$183                      adc
     000088A1  A$adc/adc$184                      adc
     000088A2  A$adc/adc$185                      adc
     000088A4  A$adc/adc$186                      adc
     000088A6  A$adc/adc$187                      adc
     000088A8  A$adc/adc$188                      adc
     000088AA  A$adc/adc$189                      adc
     000088AC  A$adc/adc$190                      adc
     000088AF  A$adc/adc$191                      adc
     000088B1  A$adc/adc$194                      adc
     000088B3  A$adc/adc$197                      adc
     000088B3  C$adc.c$30$1_0$635                 adc
     000088B3  XG$AdcGetVoltage$0$0               adc
     000088B4  A$nvdatadata$66                    nvdata
     000088B4  C$nvdata.c$5$0_0$637               nvdata
     000088B4  C$nvdata.c$7$1_0$637               nvdata
     000088B4  G$NvDataInit$0$0                   nvdata
     000088B4  _NvDataInit                        nvdata
     000088B7  A$nvdatadata$69                    nvdata
     000088B7  C$nvdata.c$9$1_0$637               nvdata
     000088B8  A$nvdatadata$70                    nvdata
     000088BA  A$nvdatadata$71                    nvdata
     000088BD  A$nvdatadata$72                    nvdata
     000088BE  A$nvdatadata$73                    nvdata
     000088C0  A$nvdatadata$77                    nvdata
     000088C0  C$nvdata.c$11$2_0$638              nvdata
     000088C2  A$nvdatadata$78                    nvdata
     000088C4  A$nvdatadata$79                    nvdata
     000088C7  A$nvdatadata$80                    nvdata
     000088C8  A$nvdatadata$83                    nvdata
     000088C8  C$nvdata.c$13$2_0$638              nvdata
     000088CB  A$nvdatadata$86                    nvdata
     000088CB  C$nvdata.c$14$2_0$638              nvdata
     000088CE  A$nvdatadata$89                    nvdata
     000088CE  C$nvdata.c$16$2_0$638              nvdata
     000088D2  A$nvdatadata$92                    nvdata
     000088D2  C$nvdata.c$17$2_0$638              nvdata
     000088D6  A$nvdatadata$95                    nvdata
     000088D6  C$nvdata.c$18$2_0$638              nvdata
     000088DA  A$nvdatadata$98                    nvdata
     000088DA  C$nvdata.c$19$2_0$638              nvdata
     000088DE  A$nvdatadata$101                   nvdata
     000088DE  C$nvdata.c$20$2_0$638              nvdata
     000088E2  A$nvdatadata$104                   nvdata
     000088E2  C$nvdata.c$21$2_0$638              nvdata
     000088E6  A$nvdatadata$107                   nvdata
     000088E6  C$nvdata.c$22$2_0$638              nvdata
     000088E9  A$nvdatadata$110                   nvdata
ASxxxx Linker V03.00 + NoICE + sdld,  page 28.
Hexadecimal  [32-Bits]

Area                                    Addr        Size        Decimal Bytes (Attributes)
--------------------------------        ----        ----        ------- ----- ------------
CODE                                00008306    000019D2 =        6610. bytes (REL,CON)

      Value  Global                              Global Defined In Module
      -----  --------------------------------   ------------------------
     000088E9  C$nvdata.c$23$2_0$638              nvdata
     000088EC  A$nvdatadata$116                   nvdata
     000088EC  C$nvdata.c$25$1_0$637              nvdata
     000088EC  XG$NvDataInit$0$0                  nvdata
     000088ED  A$nvdatadata$126                   nvdata
     000088ED  C$nvdata.c$27$1_0$640              nvdata
     000088ED  C$nvdata.c$29$1_0$640              nvdata
     000088ED  G$NvDataLock$0$0                   nvdata
     000088ED  _NvDataLock                        nvdata
     000088EF  A$nvdatadata$127                   nvdata
     000088F2  A$nvdatadata$128                   nvdata
     000088F3  A$nvdatadata$133                   nvdata
     000088F3  C$nvdata.c$30$1_0$640              nvdata
     000088F3  XG$NvDataLock$0$0                  nvdata
     000088F4  A$nvdatadata$143                   nvdata
     000088F4  C$nvdata.c$32$1_0$642              nvdata
     000088F4  C$nvdata.c$34$1_0$642              nvdata
     000088F4  G$NvDataUnlock$0$0                 nvdata
     000088F4  _NvDataUnlock                      nvdata
     000088F6  A$nvdatadata$144                   nvdata
     000088F9  A$nvdatadata$145                   nvdata
     000088FA  A$nvdatadata$150                   nvdata
     000088FA  C$nvdata.c$35$1_0$642              nvdata
     000088FA  XG$NvDataUnlock$0$0                nvdata
     000088FB  A$nvdatadata$160                   nvdata
     000088FB  C$nvdata.c$37$1_0$645              nvdata
     000088FB  G$NvDataErase$0$0                  nvdata
     000088FB  _NvDataErase                       nvdata
     000088FC  A$nvdatadata$164                   nvdata
     000088FC  C$nvdata.c$44$3_0$646              nvdata
     000088FD  A$nvdatadata$165                   nvdata
     000088FE  A$nvdatadata$166                   nvdata
     00008902  A$nvdatadata$169                   nvdata
     00008902  C$nvdata.c$42$2_0$645              nvdata
     00008903  A$nvdatadata$170                   nvdata
     00008905  A$nvdatadata$171                   nvdata
     00008907  A$nvdatadata$176                   nvdata
     00008907  C$nvdata.c$46$2_0$645              nvdata
     00008907  XG$NvDataErase$0$0                 nvdata
     00008908  A$nvdatadata$184                   nvdata
     00008908  C$nvdata.c$48$2_0$648              nvdata
     00008908  G$NvDataUpdateChecksum$0$0         nvdata
     00008908  _NvDataUpdateChecksum              nvdata
     00008909  A$nvdatadata$187                   nvdata
     00008909  C$nvdata.c$50$2_0$648              nvdata
     0000890B  A$nvdatadata$190                   nvdata
     0000890B  C$nvdata.c$54$1_0$648              nvdata
     0000890C  A$nvdatadata$194                   nvdata
     0000890C  C$nvdata.c$56$3_0$650              nvdata
     0000890D  A$nvdatadata$195                   nvdata
     0000890E  A$nvdatadata$196                   nvdata
ASxxxx Linker V03.00 + NoICE + sdld,  page 29.
Hexadecimal  [32-Bits]

Area                                    Addr        Size        Decimal Bytes (Attributes)
--------------------------------        ----        ----        ------- ----- ------------
CODE                                00008306    000019D2 =        6610. bytes (REL,CON)

      Value  Global                              Global Defined In Module
      -----  --------------------------------   ------------------------
     00008911  A$nvdatadata$197                   nvdata
     00008912  A$nvdatadata$198                   nvdata
     00008913  A$nvdatadata$199                   nvdata
     00008915  A$nvdatadata$200                   nvdata
     00008916  A$nvdatadata$201                   nvdata
     00008919  A$nvdatadata$204                   nvdata
     00008919  C$nvdata.c$54$2_0$649              nvdata
     0000891A  A$nvdatadata$205                   nvdata
     0000891C  A$nvdatadata$206                   nvdata
     0000891E  A$nvdatadata$209                   nvdata
     0000891E  C$nvdata.c$58$1_0$648              nvdata
     00008920  A$nvdatadata$210                   nvdata
     00008921  A$nvdatadata$211                   nvdata
     00008924  A$nvdatadata$214                   nvdata
     00008925  A$nvdatadata$217                   nvdata
     00008925  C$nvdata.c$59$1_0$648              nvdata
     00008925  XG$NvDataUpdateChecksum$0$0        nvdata
     00008926  A$nvdatadata$225                   nvdata
     00008926  C$nvdata.c$61$1_0$652              nvdata
     00008926  G$NvDataCheckChecksum$0$0          nvdata
     00008926  _NvDataCheckChecksum               nvdata
     00008927  A$nvdatadata$228                   nvdata
     00008927  C$nvdata.c$63$2_0$652              nvdata
     00008929  A$nvdatadata$231                   nvdata
     00008929  C$nvdata.c$67$1_0$652              nvdata
     0000892A  A$nvdatadata$235                   nvdata
     0000892A  C$nvdata.c$69$3_0$654              nvdata
     0000892B  A$nvdatadata$236                   nvdata
     0000892C  A$nvdatadata$237                   nvdata
     0000892F  A$nvdatadata$238                   nvdata
     00008930  A$nvdatadata$239                   nvdata
     00008931  A$nvdatadata$240                   nvdata
     00008933  A$nvdatadata$241                   nvdata
     00008934  A$nvdatadata$242                   nvdata
     00008937  A$nvdatadata$245                   nvdata
     00008937  C$nvdata.c$67$2_0$653              nvdata
     00008938  A$nvdatadata$246                   nvdata
     0000893A  A$nvdatadata$247                   nvdata
     0000893C  A$nvdatadata$250                   nvdata
     0000893C  C$nvdata.c$71$1_0$652              nvdata
     0000893E  A$nvdatadata$251                   nvdata
     0000893F  A$nvdatadata$252                   nvdata
     00008941  A$nvdatadata$253                   nvdata
     00008943  A$nvdatadata$256                   nvdata
     00008944  A$nvdatadata$257                   nvdata
     00008945  A$nvdatadata$259                   nvdata
[...]
     00009B40  A$CLK__GetFlagStatusatus$155       stm8l15x_clk
     00009B42  A$CLK__GetFlagStatusatus$157       stm8l15x_clk
     00009B43  A$CLK__GetFlagStatusatus$158       stm8l15x_clk
     00009B45  A$CLK__GetFlagStatusatus$159       stm8l15x_clk
     00009B47  A$CLK__GetFlagStatusatus$162       stm8l15x_clk
     00009B47  C$stm8l15x_clk.c$1025$2_0$606      stm8l15x_clk
     00009B49  A$CLK__GetFlagStatusatus$163       stm8l15x_clk
     00009B4B  A$CLK__GetFlagStatusatus$167       stm8l15x_clk
     00009B4B  C$stm8l15x_clk.c$1029$2_0$607      stm8l15x_clk
     00009B4C  A$CLK__GetFlagStatusatus$173       stm8l15x_clk
     00009B4C  C$stm8l15x_clk.c$1033$1_0$596      stm8l15x_clk
     00009B4E  A$CLK__GetFlagStatusatus$176       stm8l15x_clk
     00009B4E  C$stm8l15x_clk.c$1034$1_0$596      stm8l15x_clk
     00009B4E  XG$CLK_GetFlagStatus$0$0           stm8l15x_clk
     00009B4F  A$ADC__VrefintCmdtCmd$58           stm8l15x_adc
     00009B4F  C$stm8l15x_adc.c$507$0_0$596       stm8l15x_adc
     00009B4F  C$stm8l15x_adc.c$512$1_0$596       stm8l15x_adc
     00009B4F  G$ADC_VrefintCmd$0$0               stm8l15x_adc
     00009B4F  _ADC_VrefintCmd                    stm8l15x_adc
     00009B51  A$ADC__VrefintCmdtCmd$59           stm8l15x_adc
     00009B53  A$ADC__VrefintCmdtCmd$62           stm8l15x_adc
     00009B53  C$stm8l15x_adc.c$515$2_0$597       stm8l15x_adc
     00009B56  A$ADC__VrefintCmdtCmd$63           stm8l15x_adc
     00009B5A  A$ADC__VrefintCmdtCmd$64           stm8l15x_adc
ASxxxx Linker V03.00 + NoICE + sdld,  page 97.
Hexadecimal  [32-Bits]

Area                                    Addr        Size        Decimal Bytes (Attributes)
--------------------------------        ----        ----        ------- ----- ------------
CODE                                00008306    000019D2 =        6610. bytes (REL,CON)

      Value  Global                              Global Defined In Module
      -----  --------------------------------   ------------------------
     00009B5C  A$ADC__VrefintCmdtCmd$65           stm8l15x_adc
     00009B5E  A$ADC__VrefintCmdtCmd$66           stm8l15x_adc
     00009B5F  A$ADC__VrefintCmdtCmd$67           stm8l15x_adc
     00009B61  A$ADC__VrefintCmdtCmd$71           stm8l15x_adc
     00009B61  C$stm8l15x_adc.c$520$2_0$598       stm8l15x_adc
     00009B64  A$ADC__VrefintCmdtCmd$72           stm8l15x_adc
     00009B68  A$ADC__VrefintCmdtCmd$73           stm8l15x_adc
     00009B6A  A$ADC__VrefintCmdtCmd$74           stm8l15x_adc
     00009B6C  A$ADC__VrefintCmdtCmd$75           stm8l15x_adc
     00009B6D  A$ADC__VrefintCmdtCmd$81           stm8l15x_adc
     00009B6D  C$stm8l15x_adc.c$522$1_0$596       stm8l15x_adc
     00009B6D  XG$ADC_VrefintCmd$0$0              stm8l15x_adc
     00009B6E  A$TIM4__TimeBaseInitInit$58        stm8l15x_tim4
     00009B6E  C$stm8l15x_tim4.c$167$0_0$596      stm8l15x_tim4
     00009B6E  C$stm8l15x_tim4.c$173$1_0$596      stm8l15x_tim4
     00009B6E  G$TIM4_TimeBaseInit$0$0            stm8l15x_tim4
     00009B6E  _TIM4_TimeBaseInit                 stm8l15x_tim4
     00009B71  A$TIM4__TimeBaseInitInit$59        stm8l15x_tim4
     00009B73  A$TIM4__TimeBaseInitInit$60        stm8l15x_tim4
     00009B74  A$TIM4__TimeBaseInitInit$63        stm8l15x_tim4
     00009B74  C$stm8l15x_tim4.c$175$1_0$596      stm8l15x_tim4
     00009B77  A$TIM4__TimeBaseInitInit$64        stm8l15x_tim4
     00009B79  A$TIM4__TimeBaseInitInit$65        stm8l15x_tim4
     00009B7A  A$TIM4__TimeBaseInitInit$68        stm8l15x_tim4
     00009B7A  C$stm8l15x_tim4.c$178$1_0$596      stm8l15x_tim4
     00009B7E  A$TIM4__TimeBaseInitInit$73        stm8l15x_tim4
     00009B7E  C$stm8l15x_tim4.c$179$1_0$596      stm8l15x_tim4
     00009B7E  XG$TIM4_TimeBaseInit$0$0           stm8l15x_tim4
     00009B7F  __mullong                          
     00009BFB  A$TIM4__ClearFlagFlag$58           stm8l15x_tim4
     00009BFB  C$stm8l15x_tim4.c$516$0_0$596      stm8l15x_tim4
     00009BFB  C$stm8l15x_tim4.c$521$1_0$596      stm8l15x_tim4
     00009BFB  G$TIM4_ClearFlag$0$0               stm8l15x_tim4
     00009BFB  _TIM4_ClearFlag                    stm8l15x_tim4
     00009BFD  A$TIM4__ClearFlagFlag$59           stm8l15x_tim4
     00009BFE  A$TIM4__ClearFlagFlag$60           stm8l15x_tim4
     00009C01  A$TIM4__ClearFlagFlag$65           stm8l15x_tim4
     00009C01  C$stm8l15x_tim4.c$522$1_0$596      stm8l15x_tim4
     00009C01  XG$TIM4_ClearFlag$0$0              stm8l15x_tim4
     00009C02  A$SPI__Cmd_Cmd$58                  stm8l15x_spi
     00009C02  C$stm8l15x_spi.c$228$0_0$596       stm8l15x_spi
     00009C02  C$stm8l15x_spi.c$235$1_0$596       stm8l15x_spi
     00009C02  G$SPI_Cmd$0$0                      stm8l15x_spi
     00009C02  _SPI_Cmd                           stm8l15x_spi
     00009C04  A$SPI__Cmd_Cmd$59                  stm8l15x_spi
     00009C05  A$SPI__Cmd_Cmd$62                  stm8l15x_spi
     00009C05  C$stm8l15x_spi.c$233$1_0$596       stm8l15x_spi
     00009C07  A$SPI__Cmd_Cmd$63                  stm8l15x_spi
     00009C09  A$SPI__Cmd_Cmd$66                  stm8l15x_spi
     00009C09  C$stm8l15x_spi.c$235$2_0$597       stm8l15x_spi
     00009C0B  A$SPI__Cmd_Cmd$67                  stm8l15x_spi
ASxxxx Linker V03.00 + NoICE + sdld,  page 98.
Hexadecimal  [32-Bits]

Area                                    Addr        Size        Decimal Bytes (Attributes)
--------------------------------        ----        ----        ------- ----- ------------
CODE                                00008306    000019D2 =        6610. bytes (REL,CON)

      Value  Global                              Global Defined In Module
      -----  --------------------------------   ------------------------
     00009C0C  A$SPI__Cmd_Cmd$68                  stm8l15x_spi
     00009C0E  A$SPI__Cmd_Cmd$72                  stm8l15x_spi
     00009C0E  C$stm8l15x_spi.c$239$2_0$598       stm8l15x_spi
     00009C10  A$SPI__Cmd_Cmd$73                  stm8l15x_spi
     00009C11  A$SPI__Cmd_Cmd$79                  stm8l15x_spi
     00009C11  C$stm8l15x_spi.c$241$1_0$596       stm8l15x_spi
     00009C11  XG$SPI_Cmd$0$0                     stm8l15x_spi
     00009C12  A$SPI__InitInit$56                 stm8l15x_spi
     00009C12  C$stm8l15x_spi.c$179$0_0$596       stm8l15x_spi
     00009C12  G$SPI_Init$0$0                     stm8l15x_spi
     00009C12  _SPI_Init                          stm8l15x_spi
     00009C13  A$SPI__InitInit$59                 stm8l15x_spi
     00009C13  C$stm8l15x_spi.c$196$1_0$596       stm8l15x_spi
     00009C15  A$SPI__InitInit$62                 stm8l15x_spi
     00009C15  C$stm8l15x_spi.c$197$1_0$596       stm8l15x_spi
     00009C17  A$SPI__InitInit$63                 stm8l15x_spi
     00009C19  A$SPI__InitInit$64                 stm8l15x_spi
     00009C1B  A$SPI__InitInit$67                 stm8l15x_spi
     00009C1B  C$stm8l15x_spi.c$198$1_0$596       stm8l15x_spi
     00009C1D  A$SPI__InitInit$68                 stm8l15x_spi
     00009C1F  A$SPI__InitInit$69                 stm8l15x_spi
     00009C21  A$SPI__InitInit$70                 stm8l15x_spi
     00009C23  A$SPI__InitInit$73                 stm8l15x_spi
     00009C23  C$stm8l15x_spi.c$202$1_0$596       stm8l15x_spi
     00009C24  A$SPI__InitInit$74                 stm8l15x_spi
     00009C25  A$SPI__InitInit$75                 stm8l15x_spi
     00009C27  A$SPI__InitInit$76                 stm8l15x_spi
     00009C29  A$SPI__InitInit$77                 stm8l15x_spi
     00009C2A  A$SPI__InitInit$80                 stm8l15x_spi
     00009C2A  C$stm8l15x_spi.c$206$1_0$596       stm8l15x_spi
     00009C2B  A$SPI__InitInit$83                 stm8l15x_spi
     00009C2B  C$stm8l15x_spi.c$204$1_0$596       stm8l15x_spi
     00009C2C  A$SPI__InitInit$84                 stm8l15x_spi
     00009C2E  A$SPI__InitInit$85                 stm8l15x_spi
     00009C30  A$SPI__InitInit$86                 stm8l15x_spi
     00009C31  A$SPI__InitInit$87                 stm8l15x_spi
     00009C33  A$SPI__InitInit$90                 stm8l15x_spi
     00009C33  C$stm8l15x_spi.c$206$2_0$597       stm8l15x_spi
     00009C35  A$SPI__InitInit$91                 stm8l15x_spi
     00009C36  A$SPI__InitInit$92                 stm8l15x_spi
     00009C38  A$SPI__InitInit$96                 stm8l15x_spi
     00009C38  C$stm8l15x_spi.c$210$2_0$598       stm8l15x_spi
     00009C3A  A$SPI__InitInit$97                 stm8l15x_spi
     00009C3B  A$SPI__InitInit$101                stm8l15x_spi
     00009C3B  C$stm8l15x_spi.c$214$1_0$596       stm8l15x_spi
     00009C3D  A$SPI__InitInit$102                stm8l15x_spi
     00009C3F  A$SPI__InitInit$103                stm8l15x_spi
     00009C41  A$SPI__InitInit$106                stm8l15x_spi
     00009C41  C$stm8l15x_spi.c$217$1_0$596       stm8l15x_spi
     00009C43  A$SPI__InitInit$107                stm8l15x_spi
     00009C46  A$SPI__InitInit$110                stm8l15x_spi
ASxxxx Linker V03.00 + NoICE + sdld,  page 99.
Hexadecimal  [32-Bits]

Area                                    Addr        Size        Decimal Bytes (Attributes)
--------------------------------        ----        ----        ------- ----- ------------
CODE                                00008306    000019D2 =        6610. bytes (REL,CON)

      Value  Global                              Global Defined In Module
      -----  --------------------------------   ------------------------
     00009C47  A$SPI__InitInit$113                stm8l15x_spi
     00009C47  C$stm8l15x_spi.c$218$1_0$596       stm8l15x_spi
     00009C47  XG$SPI_Init$0$0                    stm8l15x_spi
     00009C48  __divsint                          
     00009C5C  A$SYSCFG__REMAPPinConfignfig$56    stm8l15x_syscfg
     00009C5C  C$stm8l15x_syscfg.c$418$0_0$596    stm8l15x_syscfg
     00009C5C  G$SYSCFG_REMAPPinConfig$0$0        stm8l15x_syscfg
     00009C5C  _SYSCFG_REMAPPinConfig             stm8l15x_syscfg
     00009C5D  A$SYSCFG__REMAPPinConfignfig$59    stm8l15x_syscfg
     00009C5D  C$stm8l15x_syscfg.c$426$1_0$596    stm8l15x_syscfg
     00009C5F  A$SYSCFG__REMAPPinConfignfig$60    stm8l15x_syscfg
     00009C61  A$SYSCFG__REMAPPinConfignfig$61    stm8l15x_syscfg
     00009C63  A$SYSCFG__REMAPPinConfignfig$62    stm8l15x_syscfg
     00009C64  A$SYSCFG__REMAPPinConfignfig$65    stm8l15x_syscfg
     00009C64  C$stm8l15x_syscfg.c$431$1_0$596    stm8l15x_syscfg
     00009C65  A$SYSCFG__REMAPPinConfignfig$66    stm8l15x_syscfg
     00009C67  A$SYSCFG__REMAPPinConfignfig$67    stm8l15x_syscfg
     00009C68  A$SYSCFG__REMAPPinConfignfig$70    stm8l15x_syscfg
     00009C68  C$stm8l15x_syscfg.c$429$1_0$596    stm8l15x_syscfg
     00009C6A  A$SYSCFG__REMAPPinConfignfig$71    stm8l15x_syscfg
     00009C6C  A$SYSCFG__REMAPPinConfignfig$74    stm8l15x_syscfg
     00009C6C  C$stm8l15x_syscfg.c$431$2_0$597    stm8l15x_syscfg
     00009C6F  A$SYSCFG__REMAPPinConfignfig$75    stm8l15x_syscfg
     00009C71  A$SYSCFG__REMAPPinConfignfig$76    stm8l15x_syscfg
     00009C72  A$SYSCFG__REMAPPinConfignfig$77    stm8l15x_syscfg
     00009C73  A$SYSCFG__REMAPPinConfignfig$78    stm8l15x_syscfg
     00009C75  A$SYSCFG__REMAPPinConfignfig$79    stm8l15x_syscfg
     00009C77  A$SYSCFG__REMAPPinConfignfig$80    stm8l15x_syscfg
     00009C79  A$SYSCFG__REMAPPinConfignfig$81    stm8l15x_syscfg
     00009C7C  A$SYSCFG__REMAPPinConfignfig$84    stm8l15x_syscfg
     00009C7C  C$stm8l15x_syscfg.c$432$2_0$597    stm8l15x_syscfg
     00009C7E  A$SYSCFG__REMAPPinConfignfig$85    stm8l15x_syscfg
     00009C80  A$SYSCFG__REMAPPinConfignfig$86    stm8l15x_syscfg
     00009C83  A$SYSCFG__REMAPPinConfignfig$90    stm8l15x_syscfg
     00009C83  C$stm8l15x_syscfg.c$434$3_0$598    stm8l15x_syscfg
     00009C86  A$SYSCFG__REMAPPinConfignfig$91    stm8l15x_syscfg
     00009C88  A$SYSCFG__REMAPPinConfignfig$92    stm8l15x_syscfg
     00009C8A  A$SYSCFG__REMAPPinConfignfig$93    stm8l15x_syscfg
     00009C8C  A$SYSCFG__REMAPPinConfignfig$94    stm8l15x_syscfg
     00009C8E  A$SYSCFG__REMAPPinConfignfig$95    stm8l15x_syscfg
     00009C91  A$SYSCFG__REMAPPinConfignfig$96    stm8l15x_syscfg
     00009C93  A$SYSCFG__REMAPPinConfignfig$100   stm8l15x_syscfg
     00009C93  C$stm8l15x_syscfg.c$446$1_0$596    stm8l15x_syscfg
     00009C95  A$SYSCFG__REMAPPinConfignfig$101   stm8l15x_syscfg
     00009C97  A$SYSCFG__REMAPPinConfignfig$102   stm8l15x_syscfg
     00009C98  A$SYSCFG__REMAPPinConfignfig$103   stm8l15x_syscfg
     00009C9A  A$SYSCFG__REMAPPinConfignfig$104   stm8l15x_syscfg
     00009C9B  A$SYSCFG__REMAPPinConfignfig$107   stm8l15x_syscfg
     00009C9B  C$stm8l15x_syscfg.c$438$1_0$596    stm8l15x_syscfg
     00009C9D  A$SYSCFG__REMAPPinConfignfig$108   stm8l15x_syscfg
     00009C9F  A$SYSCFG__REMAPPinConfignfig$111   stm8l15x_syscfg
ASxxxx Linker V03.00 + NoICE + sdld,  page 100.
Hexadecimal  [32-Bits]

Area                                    Addr        Size        Decimal Bytes (Attributes)
--------------------------------        ----        ----        ------- ----- ------------
CODE                                00008306    000019D2 =        6610. bytes (REL,CON)

      Value  Global                              Global Defined In Module
      -----  --------------------------------   ------------------------
     00009C9F  C$stm8l15x_syscfg.c$442$1_0$596    stm8l15x_syscfg
     00009CA2  A$SYSCFG__REMAPPinConfignfig$114   stm8l15x_syscfg
     00009CA2  C$stm8l15x_syscfg.c$440$2_0$599    stm8l15x_syscfg
     00009CA4  A$SYSCFG__REMAPPinConfignfig$115   stm8l15x_syscfg
     00009CA6  A$SYSCFG__REMAPPinConfignfig$118   stm8l15x_syscfg
     00009CA6  C$stm8l15x_syscfg.c$442$3_0$600    stm8l15x_syscfg
     00009CA7  A$SYSCFG__REMAPPinConfignfig$119   stm8l15x_syscfg
     00009CA9  A$SYSCFG__REMAPPinConfignfig$120   stm8l15x_syscfg
     00009CAA  A$SYSCFG__REMAPPinConfignfig$121   stm8l15x_syscfg
     00009CAD  A$SYSCFG__REMAPPinConfignfig$122   stm8l15x_syscfg
     00009CAF  A$SYSCFG__REMAPPinConfignfig$126   stm8l15x_syscfg
     00009CAF  C$stm8l15x_syscfg.c$446$3_0$601    stm8l15x_syscfg
     00009CB1  A$SYSCFG__REMAPPinConfignfig$127   stm8l15x_syscfg
     00009CB4  A$SYSCFG__REMAPPinConfignfig$128   stm8l15x_syscfg
     00009CB6  A$SYSCFG__REMAPPinConfignfig$132   stm8l15x_syscfg
     00009CB6  C$stm8l15x_syscfg.c$454$1_0$596    stm8l15x_syscfg
     00009CB9  A$SYSCFG__REMAPPinConfignfig$135   stm8l15x_syscfg
     00009CB9  C$stm8l15x_syscfg.c$452$2_0$602    stm8l15x_syscfg
     00009CBB  A$SYSCFG__REMAPPinConfignfig$136   stm8l15x_syscfg
     00009CBD  A$SYSCFG__REMAPPinConfignfig$139   stm8l15x_syscfg
     00009CBD  C$stm8l15x_syscfg.c$454$3_0$603    stm8l15x_syscfg
     00009CBE  A$SYSCFG__REMAPPinConfignfig$140   stm8l15x_syscfg
     00009CC0  A$SYSCFG__REMAPPinConfignfig$141   stm8l15x_syscfg
     00009CC1  A$SYSCFG__REMAPPinConfignfig$142   stm8l15x_syscfg
     00009CC4  A$SYSCFG__REMAPPinConfignfig$143   stm8l15x_syscfg
     00009CC6  A$SYSCFG__REMAPPinConfignfig$147   stm8l15x_syscfg
     00009CC6  C$stm8l15x_syscfg.c$458$3_0$604    stm8l15x_syscfg
     00009CC8  A$SYSCFG__REMAPPinConfignfig$148   stm8l15x_syscfg
     00009CCB  A$SYSCFG__REMAPPinConfignfig$152   stm8l15x_syscfg
     00009CCC  A$SYSCFG__REMAPPinConfignfig$155   stm8l15x_syscfg
     00009CCC  C$stm8l15x_syscfg.c$461$1_0$596    stm8l15x_syscfg
     00009CCC  XG$SYSCFG_REMAPPinConfig$0$0       stm8l15x_syscfg
     00009CCD  __fast_long_neg                    

ASxxxx Linker V03.00 + NoICE + sdld,  page 101.

Files Linked                              [ module(s) ]

obj/main.rel                              [ main ]
obj/i2c.rel                               [ i2c ]
obj/spi.rel                               [ spi ]
obj/adc.rel                               [ adc ]
obj/nvdata.rel                            [ nvdata ]
obj/si4432.rel                            [ si4432 ]
obj/si7021.rel                            [ si7021 ]
obj/bh1750.rel                            [ bh1750 ]
obj/stm8l15x_it.rel                       [ stm8l15x_it ]
obj/application.rel                       [ application ]


Libraries Linked                          [ object file ]

spl/stm8l15x/spl.lib                      [ RTC__SetWakeUpCounter.rel ]
spl/stm8l15x/spl.lib                      [ GPIO__Init.rel ]
spl/stm8l15x/spl.lib                      [ USART__ReceiveData8.rel ]
spl/stm8l15x/spl.lib                      [ CLK__RTCClockConfig.rel ]
spl/stm8l15x/spl.lib                      [ TIM4__ClearITPendingBit.rel ]
spl/stm8l15x/spl.lib                      [ RTC__WakeUpCmd.rel ]
spl/stm8l15x/spl.lib                      [ SPI__GetFlagStatus.rel ]
spl/stm8l15x/spl.lib                      [ ADC__GetConversionValue.rel ]
spl/stm8l15x/spl.lib                      [ USART__SendData8.rel ]
spl/stm8l15x/spl.lib                      [ TIM4__ITConfig.rel ]
spl/stm8l15x/spl.lib                      [ RTC__ClearITPendingBit.rel ]
spl/stm8l15x/spl.lib                      [ I2C__Cmd.rel ]
spl/stm8l15x/spl.lib                      [ I2C__Init.rel ]
spl/stm8l15x/spl.lib                      [ PWR__UltraLowPowerCmd.rel ]
spl/stm8l15x/spl.lib                      [ ADC__ChannelCmd.rel ]
spl/stm8l15x/spl.lib                      [ FLASH__Unlock.rel ]
spl/stm8l15x/spl.lib                      [ ADC__Cmd.rel ]
spl/stm8l15x/spl.lib                      [ ADC__Init.rel ]
spl/stm8l15x/spl.lib                      [ RTC__ITConfig.rel ]
spl/stm8l15x/spl.lib                      [ EXTI__ClearITPendingBit.rel ]
spl/stm8l15x/spl.lib                      [ USART__Cmd.rel ]
spl/stm8l15x/spl.lib                      [ USART__Init.rel ]
/usr/local/bin/../share/sdcc/lib/stm8/stm8.lib
                                          [ _divslong.rel ]
spl/stm8l15x/spl.lib                      [ ADC__GetFlagStatus.rel ]
spl/stm8l15x/spl.lib                      [ ADC__SamplingTimeConfig.rel ]
/usr/local/bin/../share/sdcc/lib/stm8/stm8.lib
                                          [ _divulong.rel ]
spl/stm8l15x/spl.lib                      [ CLK__PeripheralClockConfig.rel ]
spl/stm8l15x/spl.lib                      [ SPI__ReceiveData.rel ]
/usr/local/bin/../share/sdcc/lib/stm8/stm8.lib
                                          [ _memset.rel ]
spl/stm8l15x/spl.lib                      [ CLK__SYSCLKDivConfig.rel ]
/usr/local/bin/../share/sdcc/lib/stm8/stm8.lib
                                          [ puts.rel ]
spl/stm8l15x/spl.lib                      [ USART__GetFlagStatus.rel ]
spl/stm8l15x/spl.lib                      [ SPI__SendData.rel ]
spl/stm8l15x/spl.lib                      [ I2C__ITConfig.rel ]
spl/stm8l15x/spl.lib                      [ TIM4__Cmd.rel ]
spl/stm8l15x/spl.lib                      [ CLK__GetClockFreq.rel ]
spl/stm8l15x/spl.lib                      [ FLASH__Lock.rel ]
spl/stm8l15x/spl.lib                      [ ADC__SoftwareStartConv.rel ]
spl/stm8l15x/spl.lib                      [ EXTI__SetPinSensitivity.rel ]
spl/stm8l15x/spl.lib                      [ RTC__WakeUpClockConfig.rel ]
spl/stm8l15x/spl.lib                      [ CLK__GetFlagStatus.rel ]
spl/stm8l15x/spl.lib                      [ ADC__VrefintCmd.rel ]
spl/stm8l15x/spl.lib                      [ TIM4__TimeBaseInit.rel ]
/usr/local/bin/../share/sdcc/lib/stm8/stm8.lib
                                          [ _mullong.rel ]
spl/stm8l15x/spl.lib                      [ TIM4__ClearFlag.rel ]
spl/stm8l15x/spl.lib                      [ SPI__Cmd.rel ]
spl/stm8l15x/spl.lib                      [ SPI__Init.rel ]
/usr/local/bin/../share/sdcc/lib/stm8/stm8.lib
                                          [ _divsint.rel ]
spl/stm8l15x/spl.lib                      [ SYSCFG__REMAPPinConfig.rel ]
/usr/local/bin/../share/sdcc/lib/stm8/stm8.lib
                                          [ _fast_long_neg.rel ]
spl/stm8l15x/spl.lib                      [ CLK__Const.rel ]

ASxxxx Linker V03.00 + NoICE + sdld,  page 102.

User Base Address Definitions

HOME = 0x8000
DATA = 0x0001
SSEG = 0xffffffff

